0 verbose cli /home/govanni/.nvm/versions/node/v24.15.0/bin/node /home/govanni/.nvm/versions/node/v24.15.0/bin/npm
1 info using npm@11.12.1
2 info using node@v24.15.0
3 silly config load:file:/home/govanni/.nvm/versions/node/v24.15.0/lib/node_modules/npm/npmrc
4 silly config load:file:/home/govanni/Proyects/DataShopy/DataShopy/.npmrc
5 silly config load:file:/home/govanni/Proyects/DataShopy/.home/.npmrc
6 silly config load:file:/home/govanni/.nvm/versions/node/v24.15.0/etc/npmrc
7 verbose title npm install
8 verbose argv "install"
9 verbose logfile logs-max:10 dir:/home/govanni/Proyects/DataShopy/.home/.npm/_logs/2026-05-22T16_07_05_916Z-
10 verbose logfile /home/govanni/Proyects/DataShopy/.home/.npm/_logs/2026-05-22T16_07_05_916Z-debug-0.log
11 silly logfile done cleaning log files
12 silly packumentCache heap:4496293888 maxSize:1124073472 maxEntrySize:562036736
13 silly idealTree buildDeps
14 silly fetch manifest expo-location@~19.0.8
15 silly packumentCache full:https://registry.npmjs.org/expo-location cache-miss
16 http fetch GET 200 https://registry.npmjs.org/expo-location 530ms (cache miss)
17 silly packumentCache full:https://registry.npmjs.org/expo-location set size:undefined disposed:false
18 silly fetch manifest expo@~54.0.33
19 silly packumentCache full:https://registry.npmjs.org/expo cache-miss
20 http fetch GET 200 https://registry.npmjs.org/expo 198ms (cache miss)
21 silly packumentCache full:https://registry.npmjs.org/expo set size:undefined disposed:false
22 silly fetch manifest @expo/dom-webview@*
23 silly packumentCache full:https://registry.npmjs.org/@expo%2fdom-webview cache-miss
24 http fetch GET 200 https://registry.npmjs.org/@expo%2fdom-webview 74ms (cache miss)
25 silly packumentCache full:https://registry.npmjs.org/@expo%2fdom-webview set size:undefined disposed:false
26 silly fetch manifest react@19.1.0
27 silly packumentCache full:https://registry.npmjs.org/react cache-miss
28 http fetch GET 200 https://registry.npmjs.org/react 265ms (cache miss)
29 silly packumentCache full:https://registry.npmjs.org/react set size:undefined disposed:false
30 silly fetch manifest react-native@0.81.5
31 silly packumentCache full:https://registry.npmjs.org/react-native cache-miss
32 http fetch GET 200 https://registry.npmjs.org/react-native 315ms (cache miss)
33 silly packumentCache full:https://registry.npmjs.org/react-native set size:undefined disposed:false
34 silly fetch manifest @types/react@^19.1.0
35 silly packumentCache full:https://registry.npmjs.org/@types%2freact cache-miss
36 http fetch GET 200 https://registry.npmjs.org/@types%2freact 227ms (cache miss)
37 silly packumentCache full:https://registry.npmjs.org/@types%2freact set size:undefined disposed:false
38 silly fetch manifest @expo/metro-runtime@*
39 silly packumentCache full:https://registry.npmjs.org/@expo%2fmetro-runtime cache-miss
40 http fetch GET 200 https://registry.npmjs.org/@expo%2fmetro-runtime 94ms (cache miss)
41 silly packumentCache full:https://registry.npmjs.org/@expo%2fmetro-runtime set size:undefined disposed:false
42 silly fetch manifest react-dom@*
43 silly packumentCache full:https://registry.npmjs.org/react-dom cache-miss
44 http fetch GET 200 https://registry.npmjs.org/react-dom 298ms (cache miss)
45 silly packumentCache full:https://registry.npmjs.org/react-dom set size:undefined disposed:false
46 silly fetch manifest react@^19.2.6
47 silly packumentCache full:https://registry.npmjs.org/react cache-miss
48 http cache https://registry.npmjs.org/react 31ms (cache hit)
49 silly packumentCache full:https://registry.npmjs.org/react set size:6650647 disposed:false
50 silly fetch manifest react-native-webview@*
51 silly packumentCache full:https://registry.npmjs.org/react-native-webview cache-miss
52 http fetch GET 200 https://registry.npmjs.org/react-native-webview 81ms (cache miss)
53 silly packumentCache full:https://registry.npmjs.org/react-native-webview set size:undefined disposed:false
54 silly placeDep ROOT expo-location@19.0.8 OK for: datashopy@1.0.0 want: ~19.0.8
55 silly reify moves {}
56 silly audit bulk request {
56 silly audit   '@0no-co/graphql.web': [ '1.2.0' ],
56 silly audit   '@babel/code-frame': [ '7.10.4', '7.29.0' ],
56 silly audit   '@babel/compat-data': [ '7.29.3' ],
56 silly audit   '@babel/core': [ '7.29.0' ],
56 silly audit   semver: [ '6.3.1', '7.8.1' ],
56 silly audit   '@babel/generator': [ '7.29.1' ],
56 silly audit   '@babel/helper-annotate-as-pure': [ '7.27.3' ],
56 silly audit   '@babel/helper-compilation-targets': [ '7.28.6' ],
56 silly audit   '@babel/helper-create-class-features-plugin': [ '7.29.3' ],
56 silly audit   '@babel/helper-create-regexp-features-plugin': [ '7.28.5' ],
56 silly audit   '@babel/helper-define-polyfill-provider': [ '0.6.8' ],
56 silly audit   '@babel/helper-globals': [ '7.28.0' ],
56 silly audit   '@babel/helper-member-expression-to-functions': [ '7.28.5' ],
56 silly audit   '@babel/helper-module-imports': [ '7.28.6' ],
56 silly audit   '@babel/helper-module-transforms': [ '7.28.6' ],
56 silly audit   '@babel/helper-optimise-call-expression': [ '7.27.1' ],
56 silly audit   '@babel/helper-plugin-utils': [ '7.28.6' ],
56 silly audit   '@babel/helper-remap-async-to-generator': [ '7.27.1' ],
56 silly audit   '@babel/helper-replace-supers': [ '7.28.6' ],
56 silly audit   '@babel/helper-skip-transparent-expression-wrappers': [ '7.27.1' ],
56 silly audit   '@babel/helper-string-parser': [ '7.27.1' ],
56 silly audit   '@babel/helper-validator-identifier': [ '7.28.5' ],
56 silly audit   '@babel/helper-validator-option': [ '7.27.1' ],
56 silly audit   '@babel/helper-wrap-function': [ '7.28.6' ],
56 silly audit   '@babel/helpers': [ '7.29.2' ],
56 silly audit   '@babel/highlight': [ '7.25.9' ],
56 silly audit   '@babel/parser': [ '7.29.3' ],
56 silly audit   '@babel/plugin-proposal-decorators': [ '7.29.0' ],
56 silly audit   '@babel/plugin-proposal-export-default-from': [ '7.27.1' ],
56 silly audit   '@babel/plugin-syntax-async-generators': [ '7.8.4' ],
56 silly audit   '@babel/plugin-syntax-bigint': [ '7.8.3' ],
56 silly audit   '@babel/plugin-syntax-class-properties': [ '7.12.13' ],
56 silly audit   '@babel/plugin-syntax-class-static-block': [ '7.14.5' ],
56 silly audit   '@babel/plugin-syntax-decorators': [ '7.28.6' ],
56 silly audit   '@babel/plugin-syntax-dynamic-import': [ '7.8.3' ],
56 silly audit   '@babel/plugin-syntax-export-default-from': [ '7.28.6' ],
56 silly audit   '@babel/plugin-syntax-flow': [ '7.28.6' ],
56 silly audit   '@babel/plugin-syntax-import-attributes': [ '7.28.6' ],
56 silly audit   '@babel/plugin-syntax-import-meta': [ '7.10.4' ],
56 silly audit   '@babel/plugin-syntax-json-strings': [ '7.8.3' ],
56 silly audit   '@babel/plugin-syntax-jsx': [ '7.28.6' ],
56 silly audit   '@babel/plugin-syntax-logical-assignment-operators': [ '7.10.4' ],
56 silly audit   '@babel/plugin-syntax-nullish-coalescing-operator': [ '7.8.3' ],
56 silly audit   '@babel/plugin-syntax-numeric-separator': [ '7.10.4' ],
56 silly audit   '@babel/plugin-syntax-object-rest-spread': [ '7.8.3' ],
56 silly audit   '@babel/plugin-syntax-optional-catch-binding': [ '7.8.3' ],
56 silly audit   '@babel/plugin-syntax-optional-chaining': [ '7.8.3' ],
56 silly audit   '@babel/plugin-syntax-private-property-in-object': [ '7.14.5' ],
56 silly audit   '@babel/plugin-syntax-top-level-await': [ '7.14.5' ],
56 silly audit   '@babel/plugin-syntax-typescript': [ '7.28.6' ],
56 silly audit   '@babel/plugin-transform-arrow-functions': [ '7.27.1' ],
56 silly audit   '@babel/plugin-transform-async-generator-functions': [ '7.29.0' ],
56 silly audit   '@babel/plugin-transform-async-to-generator': [ '7.28.6' ],
56 silly audit   '@babel/plugin-transform-block-scoping': [ '7.28.6' ],
56 silly audit   '@babel/plugin-transform-class-properties': [ '7.28.6' ],
56 silly audit   '@babel/plugin-transform-class-static-block': [ '7.28.6' ],
56 silly audit   '@babel/plugin-transform-classes': [ '7.28.6' ],
56 silly audit   '@babel/plugin-transform-computed-properties': [ '7.28.6' ],
56 silly audit   '@babel/plugin-transform-destructuring': [ '7.28.5' ],
56 silly audit   '@babel/plugin-transform-export-namespace-from': [ '7.27.1' ],
56 silly audit   '@babel/plugin-transform-flow-strip-types': [ '7.27.1' ],
56 silly audit   '@babel/plugin-transform-for-of': [ '7.27.1' ],
56 silly audit   '@babel/plugin-transform-function-name': [ '7.27.1' ],
56 silly audit   '@babel/plugin-transform-literals': [ '7.27.1' ],
56 silly audit   '@babel/plugin-transform-logical-assignment-operators': [ '7.28.6' ],
56 silly audit   '@babel/plugin-transform-modules-commonjs': [ '7.28.6' ],
56 silly audit   '@babel/plugin-transform-named-capturing-groups-regex': [ '7.29.0' ],
56 silly audit   '@babel/plugin-transform-nullish-coalescing-operator': [ '7.28.6' ],
56 silly audit   '@babel/plugin-transform-numeric-separator': [ '7.28.6' ],
56 silly audit   '@babel/plugin-transform-object-rest-spread': [ '7.28.6' ],
56 silly audit   '@babel/plugin-transform-optional-catch-binding': [ '7.28.6' ],
56 silly audit   '@babel/plugin-transform-optional-chaining': [ '7.28.6' ],
56 silly audit   '@babel/plugin-transform-parameters': [ '7.27.7' ],
56 silly audit   '@babel/plugin-transform-private-methods': [ '7.28.6' ],
56 silly audit   '@babel/plugin-transform-private-property-in-object': [ '7.28.6' ],
56 silly audit   '@babel/plugin-transform-react-display-name': [ '7.28.0' ],
56 silly audit   '@babel/plugin-transform-react-jsx': [ '7.28.6' ],
56 silly audit   '@babel/plugin-transform-react-jsx-development': [ '7.27.1' ],
56 silly audit   '@babel/plugin-transform-react-jsx-self': [ '7.27.1' ],
56 silly audit   '@babel/plugin-transform-react-jsx-source': [ '7.27.1' ],
56 silly audit   '@babel/plugin-transform-react-pure-annotations': [ '7.27.1' ],
56 silly audit   '@babel/plugin-transform-regenerator': [ '7.29.0' ],
56 silly audit   '@babel/plugin-transform-runtime': [ '7.29.0' ],
56 silly audit   '@babel/plugin-transform-shorthand-properties': [ '7.27.1' ],
56 silly audit   '@babel/plugin-transform-spread': [ '7.28.6' ],
56 silly audit   '@babel/plugin-transform-sticky-regex': [ '7.27.1' ],
56 silly audit   '@babel/plugin-transform-template-literals': [ '7.27.1' ],
56 silly audit   '@babel/plugin-transform-typescript': [ '7.28.6' ],
56 silly audit   '@babel/plugin-transform-unicode-regex': [ '7.27.1' ],
56 silly audit   '@babel/preset-react': [ '7.28.5' ],
56 silly audit   '@babel/preset-typescript': [ '7.28.5' ],
56 silly audit   '@babel/runtime': [ '7.29.2' ],
56 silly audit   '@babel/template': [ '7.28.6' ],
56 silly audit   '@babel/traverse': [ '7.29.0' ],
56 silly audit   '@babel/types': [ '7.29.0' ],
56 silly audit   '@egjs/hammerjs': [ '2.0.17' ],
56 silly audit   '@expo/code-signing-certificates': [ '0.0.6' ],
56 silly audit   '@expo/config': [ '12.0.13' ],
56 silly audit   '@expo/config-plugins': [ '54.0.4' ],
56 silly audit   '@expo/json-file': [ '10.0.15', '10.2.0' ],
56 silly audit   'ansi-styles': [ '4.3.0', '3.2.1', '5.2.0' ],
56 silly audit   chalk: [ '4.1.2', '2.4.2' ],
56 silly audit   'color-convert': [ '2.0.1', '1.9.3' ],
56 silly audit   'color-name': [ '1.1.4', '1.1.3' ],
56 silly audit   'has-flag': [ '4.0.0', '3.0.0' ],
56 silly audit   'supports-color': [ '7.2.0', '8.1.1', '5.5.0' ],
56 silly audit   '@expo/config-types': [ '54.0.10' ],
56 silly audit   '@expo/devcert': [ '1.2.1' ],
56 silly audit   debug: [ '3.2.7', '2.6.9', '4.4.3' ],
56 silly audit   '@expo/devtools': [ '0.1.8' ],
56 silly audit   '@expo/env': [ '2.0.11' ],
56 silly audit   '@expo/fingerprint': [ '0.15.5' ],
56 silly audit   '@expo/image-utils': [ '0.8.14' ],
56 silly audit   '@expo/metro': [ '54.2.0' ],
56 silly audit   '@expo/osascript': [ '2.6.0' ],
56 silly audit   '@expo/package-manager': [ '1.12.0' ],
56 silly audit   '@expo/plist': [ '0.4.8' ],
56 silly audit   '@expo/require-utils': [ '55.0.5' ],
56 silly audit   '@expo/schema-utils': [ '0.1.8' ],
56 silly audit   '@expo/sdk-runtime-versions': [ '1.0.0' ],
56 silly audit   '@expo/spawn-async': [ '1.8.0' ],
56 silly audit   '@expo/sudo-prompt': [ '9.3.2' ],
56 silly audit   '@expo/vector-icons': [ '15.1.1' ],
56 silly audit   '@expo/ws-tunnel': [ '1.0.6' ],
56 silly audit   '@expo/xcpretty': [ '4.4.4' ],
56 silly audit   argparse: [ '2.0.1', '1.0.10' ],
56 silly audit   'js-yaml': [ '4.1.1', '3.14.2' ],
56 silly audit   '@isaacs/fs-minipass': [ '4.0.1' ],
56 silly audit   '@isaacs/ttlcache': [ '1.4.1' ],
56 silly audit   '@istanbuljs/load-nyc-config': [ '1.1.0' ],
56 silly audit   camelcase: [ '5.3.1', '6.3.0' ],
56 silly audit   '@istanbuljs/schema': [ '0.1.6' ],
56 silly audit   '@jest/create-cache-key-function': [ '29.7.0' ],
56 silly audit   '@jest/environment': [ '29.7.0' ],
56 silly audit   '@jest/fake-timers': [ '29.7.0' ],
56 silly audit   '@jest/schemas': [ '29.6.3' ],
56 silly audit   '@jest/transform': [ '29.7.0' ],
56 silly audit   '@jest/types': [ '29.6.3' ],
56 silly audit   '@jridgewell/gen-mapping': [ '0.3.13' ],
56 silly audit   '@jridgewell/remapping': [ '2.3.5' ],
56 silly audit   '@jridgewell/resolve-uri': [ '3.1.2' ],
56 silly audit   '@jridgewell/source-map': [ '0.3.11' ],
56 silly audit   '@jridgewell/sourcemap-codec': [ '1.5.5' ],
56 silly audit   '@jridgewell/trace-mapping': [ '0.3.31' ],
56 silly audit   '@react-native/assets-registry': [ '0.81.5' ],
56 silly audit   '@react-native/babel-plugin-codegen': [ '0.81.5', '0.85.3' ],
56 silly audit   '@react-native/babel-preset': [ '0.81.5', '0.85.3' ],
56 silly audit   '@react-native/codegen': [ '0.81.5', '0.85.3' ],
56 silly audit   'balanced-match': [ '1.0.2', '4.0.4' ],
56 silly audit   'brace-expansion': [ '1.1.14', '5.0.6', '2.1.0' ],
56 silly audit   glob: [ '7.2.3', '13.0.6' ],
56 silly audit   'hermes-estree': [ '0.29.1', '0.33.3', '0.35.0', '0.32.0' ],
56 silly audit   'hermes-parser': [ '0.29.1', '0.33.3', '0.35.0', '0.32.0' ],
56 silly audit   minimatch: [ '3.1.5', '9.0.9', '10.2.5' ],
56 silly audit   '@react-native/community-cli-plugin': [ '0.81.5' ],
56 silly audit   '@react-native/debugger-frontend': [ '0.81.5' ],
56 silly audit   '@react-native/dev-middleware': [ '0.81.5' ],
56 silly audit   ws: [ '6.2.3', '8.20.1', '7.5.10' ],
56 silly audit   '@react-native/gradle-plugin': [ '0.81.5' ],
56 silly audit   '@react-native/js-polyfills': [ '0.81.5', '0.85.3' ],
56 silly audit   '@react-native/metro-babel-transformer': [ '0.85.3' ],
56 silly audit   'babel-plugin-syntax-hermes-parser': [ '0.33.3', '0.29.1' ],
56 silly audit   '@react-native/metro-config': [ '0.85.3' ],
56 silly audit   accepts: [ '2.0.0', '1.3.8' ],
56 silly audit   metro: [ '0.84.4', '0.83.3' ],
56 silly audit   'metro-babel-transformer': [ '0.84.4', '0.83.3' ],
56 silly audit   'metro-cache': [ '0.84.4', '0.83.3' ],
56 silly audit   'metro-cache-key': [ '0.84.4', '0.83.3' ],
56 silly audit   'metro-config': [ '0.84.4', '0.83.3' ],
56 silly audit   'metro-core': [ '0.84.4', '0.83.3' ],
56 silly audit   'metro-file-map': [ '0.84.4', '0.83.3' ],
56 silly audit   'metro-minify-terser': [ '0.84.4', '0.83.3' ],
56 silly audit   'metro-resolver': [ '0.84.4', '0.83.3' ],
56 silly audit   'metro-runtime': [ '0.84.4', '0.83.3' ],
56 silly audit   'metro-source-map': [ '0.84.4', '0.83.3' ],
56 silly audit   'metro-symbolicate': [ '0.84.4', '0.83.3' ],
56 silly audit   'metro-transform-plugins': [ '0.84.4', '0.83.3' ],
56 silly audit   'metro-transform-worker': [ '0.84.4', '0.83.3' ],
56 silly audit   'mime-db': [ '1.54.0', '1.52.0' ],
56 silly audit   'mime-types': [ '3.0.2', '2.1.35' ],
56 silly audit   negotiator: [ '1.0.0', '0.6.4', '0.6.3' ],
56 silly audit   ob1: [ '0.84.4', '0.83.3' ],
56 silly audit   '@react-native/normalize-colors': [ '0.81.5' ],
56 silly audit   '@react-navigation/bottom-tabs': [ '7.16.1' ],
56 silly audit   '@react-navigation/core': [ '7.17.4' ],
56 silly audit   'escape-string-regexp': [ '4.0.0', '1.0.5', '2.0.0' ],
56 silly audit   'react-is': [ '19.2.6', '16.13.1', '18.3.1' ],
56 silly audit   '@react-navigation/elements': [ '2.9.18' ],
56 silly audit   '@react-navigation/native': [ '7.2.4' ],
56 silly audit   '@react-navigation/routers': [ '7.5.5' ],
56 silly audit   '@react-navigation/stack': [ '7.9.2' ],
56 silly audit   '@sinclair/typebox': [ '0.27.10' ],
56 silly audit   '@sinonjs/commons': [ '3.0.1' ],
56 silly audit   '@sinonjs/fake-timers': [ '10.3.0' ],
56 silly audit   '@types/babel__core': [ '7.20.5' ],
56 silly audit   '@types/babel__generator': [ '7.27.0' ],
56 silly audit   '@types/babel__template': [ '7.4.4' ],
56 silly audit   '@types/babel__traverse': [ '7.28.0' ],
56 silly audit   '@types/graceful-fs': [ '4.1.9' ],
56 silly audit   '@types/hammerjs': [ '2.0.46' ],
56 silly audit   '@types/istanbul-lib-coverage': [ '2.0.6' ],
56 silly audit   '@types/istanbul-lib-report': [ '3.0.3' ],
56 silly audit   '@types/istanbul-reports': [ '3.0.4' ],
56 silly audit   '@types/node': [ '25.9.1' ],
56 silly audit   '@types/stack-utils': [ '2.0.3' ],
56 silly audit   '@types/yargs': [ '17.0.35' ],
56 silly audit   '@types/yargs-parser': [ '21.0.3' ],
56 silly audit   '@ungap/structured-clone': [ '1.3.1' ],
56 silly audit   '@urql/core': [ '5.2.0' ],
56 silly audit   '@urql/exchange-retry': [ '1.3.2' ],
56 silly audit   '@xmldom/xmldom': [ '0.8.13', '0.9.10' ],
56 silly audit   'abort-controller': [ '3.0.0' ],
56 silly audit   acorn: [ '8.16.0' ],
56 silly audit   'agent-base': [ '7.1.4' ],
56 silly audit   anser: [ '1.4.10' ],
56 silly audit   'ansi-escapes': [ '4.3.2' ],
56 silly audit   'type-fest': [ '0.21.3', '0.7.1' ],
56 silly audit   'ansi-regex': [ '5.0.1', '4.1.1' ],
56 silly audit   'any-promise': [ '1.3.0' ],
56 silly audit   anymatch: [ '3.1.3' ],
56 silly audit   arg: [ '5.0.2' ],
56 silly audit   asap: [ '2.0.6' ],
56 silly audit   'async-limiter': [ '1.0.1' ],
56 silly audit   'await-lock': [ '2.2.2' ],
56 silly audit   'babel-jest': [ '29.7.0' ],
56 silly audit   'babel-plugin-istanbul': [ '6.1.1' ],
56 silly audit   'babel-plugin-jest-hoist': [ '29.6.3' ],
56 silly audit   'babel-plugin-polyfill-corejs2': [ '0.4.17' ],
56 silly audit   'babel-plugin-polyfill-corejs3': [ '0.13.0' ],
56 silly audit   'babel-plugin-polyfill-regenerator': [ '0.6.8' ],
56 silly audit   'babel-plugin-react-compiler': [ '1.0.0' ],
56 silly audit   'babel-plugin-react-native-web': [ '0.21.2' ],
56 silly audit   'babel-plugin-transform-flow-enums': [ '0.0.2' ],
56 silly audit   'babel-preset-current-node-syntax': [ '1.2.0' ],
56 silly audit   'babel-preset-expo': [ '54.0.10' ],
56 silly audit   'babel-preset-jest': [ '29.6.3' ],
56 silly audit   'base64-js': [ '1.5.1' ],
56 silly audit   'baseline-browser-mapping': [ '2.10.31' ],
56 silly audit   'better-opn': [ '3.0.2' ],
56 silly audit   open: [ '8.4.2', '7.4.2' ],
56 silly audit   'big-integer': [ '1.6.52' ],
56 silly audit   'bplist-creator': [ '0.1.0' ],
56 silly audit   'bplist-parser': [ '0.3.1' ],
56 silly audit   braces: [ '3.0.3' ],
56 silly audit   browserslist: [ '4.28.2' ],
56 silly audit   bser: [ '2.1.1' ],
56 silly audit   buffer: [ '5.7.1' ],
56 silly audit   'buffer-from': [ '1.1.2' ],
56 silly audit   bytes: [ '3.1.2' ],
56 silly audit   'caniuse-lite': [ '1.0.30001793' ],
56 silly audit   chownr: [ '3.0.0' ],
56 silly audit   'chrome-launcher': [ '0.15.2' ],
56 silly audit   'chromium-edge-launcher': [ '0.2.0' ],
56 silly audit   'ci-info': [ '2.0.0', '3.9.0' ],
56 silly audit   'cli-cursor': [ '2.1.0' ],
56 silly audit   'cli-spinners': [ '2.9.2' ],
56 silly audit   cliui: [ '8.0.1' ],
56 silly audit   clone: [ '1.0.4' ],
56 silly audit   color: [ '4.2.3' ],
56 silly audit   'color-string': [ '1.9.1' ],
56 silly audit   commander: [ '7.2.0', '12.1.0', '4.1.1', '2.20.3' ],
56 silly audit   compressible: [ '2.0.18' ],
56 silly audit   compression: [ '1.8.1' ],
56 silly audit   ms: [ '2.0.0', '2.1.3' ],
56 silly audit   'concat-map': [ '0.0.1' ],
56 silly audit   connect: [ '3.7.0' ],
56 silly audit   'convert-source-map': [ '2.0.0' ],
56 silly audit   'core-js-compat': [ '3.49.0' ],
56 silly audit   'cross-spawn': [ '7.0.6' ],
56 silly audit   'decode-uri-component': [ '0.2.2' ],
56 silly audit   'deep-extend': [ '0.6.0' ],
56 silly audit   deepmerge: [ '4.3.1' ],
56 silly audit   defaults: [ '1.0.4' ],
56 silly audit   'define-lazy-prop': [ '2.0.0' ],
56 silly audit   depd: [ '2.0.0' ],
56 silly audit   destroy: [ '1.2.0' ],
56 silly audit   'detect-libc': [ '2.1.2' ],
56 silly audit   dotenv: [ '16.4.7' ],
56 silly audit   'dotenv-expand': [ '11.0.7' ],
56 silly audit   'ee-first': [ '1.1.1' ],
56 silly audit   'electron-to-chromium': [ '1.5.361' ],
56 silly audit   'emoji-regex': [ '8.0.0' ],
56 silly audit   encodeurl: [ '1.0.2', '2.0.0' ],
56 silly audit   'env-editor': [ '0.4.2' ],
56 silly audit   'error-stack-parser': [ '2.1.4' ],
56 silly audit   'es-errors': [ '1.3.0' ],
56 silly audit   escalade: [ '3.2.0' ],
56 silly audit   'escape-html': [ '1.0.3' ],
56 silly audit   esprima: [ '4.0.1' ],
56 silly audit   etag: [ '1.8.1' ],
56 silly audit   'event-target-shim': [ '5.0.1' ],
56 silly audit   expo: [ '54.0.34' ],
56 silly audit   'expo-font': [ '56.0.5', '14.0.11' ],
56 silly audit   'expo-modules-autolinking': [ '3.0.25' ],
56 silly audit   'expo-modules-core': [ '3.0.30' ],
56 silly audit   'expo-secure-store': [ '15.0.8' ],
56 silly audit   'expo-server': [ '1.0.6' ],
56 silly audit   'expo-sqlite': [ '16.0.10' ],
56 silly audit   'expo-status-bar': [ '3.0.9' ],
56 silly audit   '@expo/cli': [ '54.0.24' ],
56 silly audit   '@expo/prebuild-config': [ '54.0.8' ],
56 silly audit   '@expo/metro-config': [ '54.0.15' ],
56 silly audit   'expo-asset': [ '12.0.13' ],
56 silly audit   'expo-constants': [ '18.0.13' ],
56 silly audit   'expo-file-system': [ '19.0.22' ],
56 silly audit   'expo-keep-awake': [ '15.0.8' ],
56 silly audit   picomatch: [ '4.0.4', '2.3.2' ],
56 silly audit   'exponential-backoff': [ '3.1.3' ],
56 silly audit   'fast-deep-equal': [ '3.1.3' ],
56 silly audit   'fast-json-stable-stringify': [ '2.1.0' ],
56 silly audit   'fb-watchman': [ '2.0.2' ],
56 silly audit   'fill-range': [ '7.1.1' ],
56 silly audit   'filter-obj': [ '1.1.0' ],
56 silly audit   finalhandler: [ '1.1.2' ],
56 silly audit   'find-up': [ '4.1.0' ],
56 silly audit   'flow-enums-runtime': [ '0.0.6' ],
56 silly audit   fontfaceobserver: [ '2.3.0' ],
56 silly audit   'freeport-async': [ '2.0.0' ],
56 silly audit   fresh: [ '0.5.2' ],
56 silly audit   'fs.realpath': [ '1.0.0' ],
56 silly audit   fsevents: [ '2.3.3' ],
56 silly audit   'function-bind': [ '1.1.2' ],
56 silly audit   gensync: [ '1.0.0-beta.2' ],
56 silly audit   'get-caller-file': [ '2.0.5' ],
56 silly audit   'get-package-type': [ '0.1.0' ],
56 silly audit   getenv: [ '2.0.0' ],
56 silly audit   'graceful-fs': [ '4.2.11' ],
56 silly audit   hasown: [ '2.0.3' ],
56 silly audit   'hoist-non-react-statics': [ '3.3.2' ],
56 silly audit   'hosted-git-info': [ '7.0.2' ],
56 silly audit   'lru-cache': [ '10.4.3', '5.1.1', '11.5.0' ],
56 silly audit   'http-errors': [ '2.0.1' ],
56 silly audit   statuses: [ '2.0.2', '1.5.0' ],
56 silly audit   'https-proxy-agent': [ '7.0.6' ],
56 silly audit   ieee754: [ '1.2.1' ],
56 silly audit   ignore: [ '5.3.2' ],
56 silly audit   'image-size': [ '1.2.1' ],
56 silly audit   imurmurhash: [ '0.1.4' ],
56 silly audit   inflight: [ '1.0.6' ],
56 silly audit   inherits: [ '2.0.4' ],
56 silly audit   ini: [ '1.3.8' ],
56 silly audit   invariant: [ '2.2.4' ],
56 silly audit   'is-arrayish': [ '0.3.4' ],
56 silly audit   'is-core-module': [ '2.16.2' ],
56 silly audit   'is-docker': [ '2.2.1' ],
56 silly audit   'is-fullwidth-code-point': [ '3.0.0' ],
56 silly audit   'is-number': [ '7.0.0' ],
56 silly audit   'is-wsl': [ '2.2.0' ],
56 silly audit   isexe: [ '2.0.0' ],
56 silly audit   'istanbul-lib-coverage': [ '3.2.2' ],
56 silly audit   'istanbul-lib-instrument': [ '5.2.1' ],
56 silly audit   'jest-environment-node': [ '29.7.0' ],
56 silly audit   'jest-get-type': [ '29.6.3' ],
56 silly audit   'jest-haste-map': [ '29.7.0' ],
56 silly audit   'jest-message-util': [ '29.7.0' ],
56 silly audit   'jest-mock': [ '29.7.0' ],
56 silly audit   'jest-regex-util': [ '29.6.3' ],
56 silly audit   'jest-util': [ '29.7.0' ],
56 silly audit   'jest-validate': [ '29.7.0' ],
56 silly audit   'jest-worker': [ '29.7.0' ],
56 silly audit   'jimp-compact': [ '0.16.1' ],
56 silly audit   'js-tokens': [ '4.0.0' ],
56 silly audit   'jsc-safe-url': [ '0.2.4' ],
56 silly audit   jsesc: [ '3.1.0' ],
56 silly audit   json5: [ '2.2.3' ],
56 silly audit   kleur: [ '3.0.3' ],
56 silly audit   'lan-network': [ '0.2.1' ],
56 silly audit   leven: [ '3.1.0' ],
56 silly audit   'lighthouse-logger': [ '1.4.2' ],
56 silly audit   lightningcss: [ '1.32.0' ],
56 silly audit   'lightningcss-android-arm64': [ '1.32.0' ],
56 silly audit   'lightningcss-darwin-arm64': [ '1.32.0' ],
56 silly audit   'lightningcss-darwin-x64': [ '1.32.0' ],
56 silly audit   'lightningcss-freebsd-x64': [ '1.32.0' ],
56 silly audit   'lightningcss-linux-arm-gnueabihf': [ '1.32.0' ],
56 silly audit   'lightningcss-linux-arm64-gnu': [ '1.32.0' ],
56 silly audit   'lightningcss-linux-arm64-musl': [ '1.32.0' ],
56 silly audit   'lightningcss-linux-x64-gnu': [ '1.32.0' ],
56 silly audit   'lightningcss-linux-x64-musl': [ '1.32.0' ],
56 silly audit   'lightningcss-win32-arm64-msvc': [ '1.32.0' ],
56 silly audit   'lightningcss-win32-x64-msvc': [ '1.32.0' ],
56 silly audit   'lines-and-columns': [ '1.2.4' ],
56 silly audit   'locate-path': [ '5.0.0' ],
56 silly audit   'lodash.debounce': [ '4.0.8' ],
56 silly audit   'lodash.throttle': [ '4.1.1' ],
56 silly audit   'log-symbols': [ '2.2.0' ],
56 silly audit   'loose-envify': [ '1.4.0' ],
56 silly audit   makeerror: [ '1.0.12' ],
56 silly audit   marky: [ '1.3.0' ],
56 silly audit   'memoize-one': [ '5.2.1' ],
56 silly audit   'merge-stream': [ '2.0.0' ],
56 silly audit   micromatch: [ '4.0.8' ],
56 silly audit   mime: [ '1.6.0' ],
56 silly audit   'mimic-fn': [ '1.2.0' ],
56 silly audit   minimist: [ '1.2.8' ],
56 silly audit   minipass: [ '7.1.3' ],
56 silly audit   minizlib: [ '3.1.0' ],
56 silly audit   mkdirp: [ '1.0.4' ],
56 silly audit   mz: [ '2.7.0' ],
56 silly audit   nanoid: [ '3.3.12' ],
56 silly audit   'nested-error-stacks': [ '2.0.1' ],
56 silly audit   'node-forge': [ '1.4.0' ],
56 silly audit   'node-int64': [ '0.4.0' ],
56 silly audit   'node-releases': [ '2.0.46' ],
56 silly audit   'normalize-path': [ '3.0.0' ],
56 silly audit   'npm-package-arg': [ '11.0.3' ],
56 silly audit   nullthrows: [ '1.1.1' ],
56 silly audit   'object-assign': [ '4.1.1' ],
56 silly audit   'on-finished': [ '2.3.0', '2.4.1' ],
56 silly audit   'on-headers': [ '1.1.0' ],
56 silly audit   once: [ '1.4.0' ],
56 silly audit   onetime: [ '2.0.1' ],
56 silly audit   ora: [ '3.4.0' ],
56 silly audit   'strip-ansi': [ '5.2.0', '6.0.1' ],
56 silly audit   'p-limit': [ '3.1.0', '2.3.0' ],
56 silly audit   'p-locate': [ '4.1.0' ],
56 silly audit   'p-try': [ '2.2.0' ],
56 silly audit   'parse-png': [ '2.1.0' ],
56 silly audit   parseurl: [ '1.3.3' ],
56 silly audit   'path-exists': [ '4.0.0' ],
56 silly audit   'path-is-absolute': [ '1.0.1' ],
56 silly audit   'path-key': [ '3.1.1' ],
56 silly audit   'path-parse': [ '1.0.7' ],
56 silly audit   'path-scurry': [ '2.0.2' ],
56 silly audit   picocolors: [ '1.1.1' ],
56 silly audit   pirates: [ '4.0.7' ],
56 silly audit   plist: [ '3.1.1' ],
56 silly audit   pngjs: [ '3.4.0' ],
56 silly audit   postcss: [ '8.4.49' ],
56 silly audit   'pretty-bytes': [ '5.6.0' ],
56 silly audit   'pretty-format': [ '29.7.0' ],
56 silly audit   'proc-log': [ '4.2.0' ],
56 silly audit   progress: [ '2.0.3' ],
56 silly audit   promise: [ '8.3.0' ],
56 silly audit   prompts: [ '2.4.2' ],
56 silly audit   punycode: [ '2.3.1' ],
56 silly audit   'qrcode-terminal': [ '0.11.0' ],
56 silly audit   'query-string': [ '7.1.3' ],
56 silly audit   queue: [ '6.0.2' ],
56 silly audit   'range-parser': [ '1.2.1' ],
56 silly audit   rc: [ '1.2.8' ],
56 silly audit   react: [ '19.1.0' ],
56 silly audit   'react-devtools-core': [ '6.1.5' ],
56 silly audit   'react-freeze': [ '1.0.4' ],
56 silly audit   'react-hook-form': [ '7.76.0' ],
56 silly audit   'react-native': [ '0.81.5' ],
56 silly audit   'react-native-gesture-handler': [ '2.28.0' ],
56 silly audit   'react-native-is-edge-to-edge': [ '1.3.1' ],
56 silly audit   'react-native-reanimated': [ '4.1.7' ],
56 silly audit   'react-native-safe-area-context': [ '5.6.2' ],
56 silly audit   'react-native-screens': [ '4.16.0' ],
56 silly audit   'react-native-worklets': [ '0.8.3' ],
56 silly audit   '@react-native/virtualized-lists': [ '0.81.5' ],
56 silly audit   'react-refresh': [ '0.14.2' ],
56 silly audit   regenerate: [ '1.4.2' ],
56 silly audit   'regenerate-unicode-properties': [ '10.2.2' ],
56 silly audit   'regenerator-runtime': [ '0.13.11' ],
56 silly audit   'regexpu-core': [ '6.4.0' ],
56 silly audit   regjsgen: [ '0.8.0' ],
56 silly audit   regjsparser: [ '0.13.1' ],
56 silly audit   'require-directory': [ '2.1.1' ],
56 silly audit   'require-from-string': [ '2.0.2' ],
56 silly audit   requireg: [ '0.2.2' ],
56 silly audit   resolve: [ '1.7.1', '1.22.12' ],
56 silly audit   'resolve-from': [ '5.0.0' ],
56 silly audit   'resolve-workspace-root': [ '2.0.1' ],
56 silly audit   'resolve.exports': [ '2.0.3' ],
56 silly audit   'restore-cursor': [ '2.0.0' ],
56 silly audit   rimraf: [ '3.0.2' ],
56 silly audit   'safe-buffer': [ '5.2.1' ],
56 silly audit   sax: [ '1.6.0' ],
56 silly audit   scheduler: [ '0.26.0' ],
56 silly audit   send: [ '0.19.2' ],
56 silly audit   'serialize-error': [ '2.1.0' ],
56 silly audit   'serve-static': [ '1.16.3' ],
56 silly audit   setprototypeof: [ '1.2.0' ],
56 silly audit   'sf-symbols-typescript': [ '2.2.0' ],
56 silly audit   'shebang-command': [ '2.0.0' ],
56 silly audit   'shebang-regex': [ '3.0.0' ],
56 silly audit   'shell-quote': [ '1.8.4' ],
56 silly audit   'signal-exit': [ '3.0.7' ],
56 silly audit   'simple-plist': [ '1.3.1' ],
56 silly audit   'simple-swizzle': [ '0.2.4' ],
56 silly audit   sisteransi: [ '1.0.5' ],
56 silly audit   slash: [ '3.0.0' ],
56 silly audit   slugify: [ '1.6.9' ],
56 silly audit   'source-map': [ '0.5.7', '0.6.1' ],
56 silly audit   'source-map-js': [ '1.2.1' ],
56 silly audit   'source-map-support': [ '0.5.21' ],
56 silly audit   'split-on-first': [ '1.1.0' ],
56 silly audit   'sprintf-js': [ '1.0.3' ],
56 silly audit   'stack-utils': [ '2.0.6' ],
56 silly audit   stackframe: [ '1.3.4' ],
56 silly audit   'stacktrace-parser': [ '0.1.11' ],
56 silly audit   'stream-buffers': [ '2.2.0' ],
56 silly audit   'strict-uri-encode': [ '2.0.0' ],
56 silly audit   'string-width': [ '4.2.3' ],
56 silly audit   'strip-json-comments': [ '2.0.1' ],
56 silly audit   'structured-headers': [ '0.4.1' ],
56 silly audit   sucrase: [ '3.35.1' ],
56 silly audit   'supports-hyperlinks': [ '2.3.0' ],
56 silly audit   'supports-preserve-symlinks-flag': [ '1.0.0' ],
56 silly audit   tar: [ '7.5.15' ],
56 silly audit   yallist: [ '5.0.0', '3.1.1' ],
56 silly audit   'terminal-link': [ '2.1.1' ],
56 silly audit   terser: [ '5.48.0' ],
56 silly audit   'test-exclude': [ '6.0.0' ],
56 silly audit   thenify: [ '3.3.1' ],
56 silly audit   'thenify-all': [ '1.6.0' ],
56 silly audit   throat: [ '5.0.0' ],
56 silly audit   tinyglobby: [ '0.2.16' ],
56 silly audit   fdir: [ '6.5.0' ],
56 silly audit   tmpl: [ '1.0.5' ],
56 silly audit   'to-regex-range': [ '5.0.1' ],
56 silly audit   toidentifier: [ '1.0.1' ],
56 silly audit   'ts-interface-checker': [ '0.1.13' ],
56 silly audit   'type-detect': [ '4.0.8' ],
56 silly audit   undici: [ '6.25.0' ],
56 silly audit   'undici-types': [ '7.24.6' ],
56 silly audit   'unicode-canonical-property-names-ecmascript': [ '2.0.1' ],
56 silly audit   'unicode-match-property-ecmascript': [ '2.0.0' ],
56 silly audit   'unicode-match-property-value-ecmascript': [ '2.2.1' ],
56 silly audit   'unicode-property-aliases-ecmascript': [ '2.2.0' ],
56 silly audit   unpipe: [ '1.0.0' ],
56 silly audit   'update-browserslist-db': [ '1.2.3' ],
56 silly audit   'use-latest-callback': [ '0.2.6' ],
56 silly audit   'use-sync-external-store': [ '1.6.0' ],
56 silly audit   'utils-merge': [ '1.0.1' ],
56 silly audit   uuid: [ '7.0.3' ],
56 silly audit   'validate-npm-package-name': [ '5.0.1' ],
56 silly audit   vary: [ '1.1.2' ],
56 silly audit   vlq: [ '1.0.1' ],
56 silly audit   walker: [ '1.0.8' ],
56 silly audit   'warn-once': [ '0.1.1' ],
56 silly audit   wcwidth: [ '1.0.1' ],
56 silly audit   'webidl-conversions': [ '5.0.0' ],
56 silly audit   'whatwg-fetch': [ '3.6.20' ],
56 silly audit   'whatwg-url-without-unicode': [ '8.0.0-3' ],
56 silly audit   which: [ '2.0.2' ],
56 silly audit   wonka: [ '6.3.6' ],
56 silly audit   'wrap-ansi': [ '7.0.0' ],
56 silly audit   wrappy: [ '1.0.2' ],
56 silly audit   'write-file-atomic': [ '4.0.2' ],
56 silly audit   xcode: [ '3.0.1' ],
56 silly audit   xml2js: [ '0.6.0' ],
56 silly audit   xmlbuilder: [ '11.0.1', '15.1.1' ],
56 silly audit   y18n: [ '5.0.8' ],
56 silly audit   yaml: [ '2.9.0' ],
56 silly audit   yargs: [ '17.7.2' ],
56 silly audit   'yargs-parser': [ '21.1.1' ],
56 silly audit   'yocto-queue': [ '0.1.0' ],
56 silly audit   'expo-location': [ '19.0.8' ]
56 silly audit }
57 http cache expo-location@https://registry.npmjs.org/expo-location/-/expo-location-19.0.8.tgz 0ms (cache hit)
58 silly tarball no local data for expo-location@https://registry.npmjs.org/expo-location/-/expo-location-19.0.8.tgz. Extracting by manifest.
59 http fetch POST 200 https://registry.npmjs.org/-/npm/v1/security/advisories/bulk 211ms
60 silly audit report {
60 silly audit report   postcss: [
60 silly audit report     {
60 silly audit report       id: 1117015,
60 silly audit report       url: 'https://github.com/advisories/GHSA-qx2v-qp2m-jg93',
60 silly audit report       title: 'PostCSS has XSS via Unescaped </style> in its CSS Stringify Output',
60 silly audit report       severity: 'moderate',
60 silly audit report       vulnerable_versions: '<8.5.10',
60 silly audit report       cwe: [Array],
60 silly audit report       cvss: [Object]
60 silly audit report     }
60 silly audit report   ],
60 silly audit report   uuid: [
60 silly audit report     {
60 silly audit report       id: 1119441,
60 silly audit report       url: 'https://github.com/advisories/GHSA-w5hq-g745-h8pq',
60 silly audit report       title: 'uuid: Missing buffer bounds check in v3/v5/v6 when buf is provided',
60 silly audit report       severity: 'moderate',
60 silly audit report       vulnerable_versions: '<11.1.1',
60 silly audit report       cwe: [Array],
60 silly audit report       cvss: [Object]
60 silly audit report     }
60 silly audit report   ]
60 silly audit report }
61 silly packumentCache corgi:https://registry.npmjs.org/postcss cache-miss
62 silly packumentCache corgi:https://registry.npmjs.org/uuid cache-miss
63 http fetch GET 200 https://registry.npmjs.org/expo-location/-/expo-location-19.0.8.tgz 257ms (cache miss)
64 http fetch GET 200 https://registry.npmjs.org/uuid 666ms (cache miss)
65 silly packumentCache corgi:https://registry.npmjs.org/uuid set size:undefined disposed:false
66 http fetch GET 200 https://registry.npmjs.org/postcss 679ms (cache miss)
67 silly packumentCache corgi:https://registry.npmjs.org/postcss set size:undefined disposed:false
68 silly packumentCache corgi:https://registry.npmjs.org/@expo%2fmetro-config cache-miss
69 http fetch GET 200 https://registry.npmjs.org/@expo%2fmetro-config 98ms (cache miss)
70 silly packumentCache corgi:https://registry.npmjs.org/@expo%2fmetro-config set size:undefined disposed:false
71 silly packumentCache corgi:https://registry.npmjs.org/xcode cache-miss
72 http fetch GET 200 https://registry.npmjs.org/xcode 131ms (cache miss)
73 silly packumentCache corgi:https://registry.npmjs.org/xcode set size:undefined disposed:false
74 silly packumentCache corgi:https://registry.npmjs.org/expo cache-miss
75 silly packumentCache corgi:https://registry.npmjs.org/@expo%2fcli cache-miss
76 http fetch GET 200 https://registry.npmjs.org/@expo%2fcli 121ms (cache miss)
77 silly packumentCache corgi:https://registry.npmjs.org/@expo%2fcli set size:undefined disposed:false
78 http fetch GET 200 https://registry.npmjs.org/expo 355ms (cache miss)
79 silly packumentCache corgi:https://registry.npmjs.org/expo set size:undefined disposed:false
80 silly packumentCache corgi:https://registry.npmjs.org/@expo%2fconfig-plugins cache-miss
81 http fetch GET 200 https://registry.npmjs.org/@expo%2fconfig-plugins 146ms (cache miss)
82 silly packumentCache corgi:https://registry.npmjs.org/@expo%2fconfig-plugins set size:undefined disposed:false
83 silly packumentCache corgi:https://registry.npmjs.org/babel-preset-expo cache-miss
84 silly packumentCache corgi:https://registry.npmjs.org/expo-font cache-miss
85 silly packumentCache corgi:https://registry.npmjs.org/expo-secure-store cache-miss
86 silly packumentCache corgi:https://registry.npmjs.org/expo-sqlite cache-miss
87 silly packumentCache corgi:https://registry.npmjs.org/@expo%2fprebuild-config cache-miss
88 silly packumentCache corgi:https://registry.npmjs.org/expo-asset cache-miss
89 silly packumentCache corgi:https://registry.npmjs.org/expo-constants cache-miss
90 silly packumentCache corgi:https://registry.npmjs.org/expo-file-system cache-miss
91 silly packumentCache corgi:https://registry.npmjs.org/expo-keep-awake cache-miss
92 silly packumentCache corgi:https://registry.npmjs.org/expo-location cache-miss
93 http fetch GET 200 https://registry.npmjs.org/expo-font 280ms (cache miss)
94 silly packumentCache corgi:https://registry.npmjs.org/expo-font set size:undefined disposed:false
95 http fetch GET 200 https://registry.npmjs.org/babel-preset-expo 457ms (cache miss)
96 silly packumentCache corgi:https://registry.npmjs.org/babel-preset-expo set size:undefined disposed:false
97 http fetch GET 200 https://registry.npmjs.org/expo-secure-store 523ms (cache miss)
98 silly packumentCache corgi:https://registry.npmjs.org/expo-secure-store set size:undefined disposed:false
99 http fetch GET 200 https://registry.npmjs.org/expo-keep-awake 578ms (cache miss)
100 silly packumentCache corgi:https://registry.npmjs.org/expo-keep-awake set size:undefined disposed:false
101 http fetch GET 200 https://registry.npmjs.org/expo-location 622ms (cache miss)
102 silly packumentCache corgi:https://registry.npmjs.org/expo-location set size:undefined disposed:false
103 http fetch GET 200 https://registry.npmjs.org/expo-file-system 689ms (cache miss)
104 silly packumentCache corgi:https://registry.npmjs.org/expo-file-system set size:undefined disposed:false
105 http fetch GET 200 https://registry.npmjs.org/expo-sqlite 755ms (cache miss)
106 silly packumentCache corgi:https://registry.npmjs.org/expo-sqlite set size:undefined disposed:false
107 http fetch GET 200 https://registry.npmjs.org/expo-constants 810ms (cache miss)
108 silly packumentCache corgi:https://registry.npmjs.org/expo-constants set size:undefined disposed:false
109 http fetch GET 200 https://registry.npmjs.org/expo-asset 869ms (cache miss)
110 silly packumentCache corgi:https://registry.npmjs.org/expo-asset set size:undefined disposed:false
111 http fetch GET 200 https://registry.npmjs.org/@expo%2fprebuild-config 930ms (cache miss)
112 silly packumentCache corgi:https://registry.npmjs.org/@expo%2fprebuild-config set size:undefined disposed:false
113 silly packumentCache corgi:https://registry.npmjs.org/@expo%2fconfig cache-miss
114 http fetch GET 200 https://registry.npmjs.org/@expo%2fconfig 292ms (cache miss)
115 silly packumentCache corgi:https://registry.npmjs.org/@expo%2fconfig set size:undefined disposed:false
116 silly ADD node_modules/expo-location
117 verbose cwd /home/govanni/Proyects/DataShopy/DataShopy
118 verbose os Linux 6.17.0-29-generic
119 verbose node v24.15.0
120 verbose npm  v11.12.1
121 verbose exit 0
122 info ok
